Archive member included to satisfy reference by file (symbol)

/usr/lib/libc_nonshared.a(elf-init.oS)
                              /usr/lib/gcc/x86_64-pc-linux-gnu/11.1.0/../../../../lib/Scrt1.o (__libc_csu_init)

Merging program properties

Removed property 0xc0000002 to merge /usr/lib/gcc/x86_64-pc-linux-gnu/11.1.0/../../../../lib/Scrt1.o (0x3) and obj/test.o (not found)
Removed property 0xc0000002 to merge /usr/lib/gcc/x86_64-pc-linux-gnu/11.1.0/../../../../lib/Scrt1.o (not found) and /usr/lib/libc_nonshared.a(elf-init.oS) (0x3)
Removed property 0xc0000002 to merge /usr/lib/gcc/x86_64-pc-linux-gnu/11.1.0/../../../../lib/Scrt1.o (not found) and /usr/lib/gcc/x86_64-pc-linux-gnu/11.1.0/crtendS.o (0x3)
Removed property 0xc0000002 to merge /usr/lib/gcc/x86_64-pc-linux-gnu/11.1.0/../../../../lib/Scrt1.o (not found) and /usr/lib/gcc/x86_64-pc-linux-gnu/11.1.0/../../../../lib/crtn.o (0x3)

Discarded input sections

 .note.GNU-stack
                0x0000000000000000        0x0 /usr/lib/gcc/x86_64-pc-linux-gnu/11.1.0/../../../../lib/Scrt1.o
 .note.gnu.property
                0x0000000000000000       0x50 /usr/lib/gcc/x86_64-pc-linux-gnu/11.1.0/../../../../lib/crti.o
 .note.GNU-stack
                0x0000000000000000        0x0 /usr/lib/gcc/x86_64-pc-linux-gnu/11.1.0/../../../../lib/crti.o
 .note.GNU-stack
                0x0000000000000000        0x0 /usr/lib/gcc/x86_64-pc-linux-gnu/11.1.0/crtbeginS.o
 .note.gnu.property
                0x0000000000000000       0x50 /usr/lib/gcc/x86_64-pc-linux-gnu/11.1.0/crtbeginS.o
 .group         0x0000000000000000        0xc obj/test.o
 .group         0x0000000000000000        0xc obj/test.o
 .group         0x0000000000000000        0xc obj/test.o
 .group         0x0000000000000000        0xc obj/test.o
 .group         0x0000000000000000        0x8 obj/test.o
 .group         0x0000000000000000        0xc obj/test.o
 .group         0x0000000000000000        0xc obj/test.o
 .group         0x0000000000000000        0xc obj/test.o
 .group         0x0000000000000000        0xc obj/test.o
 .group         0x0000000000000000        0xc obj/test.o
 .group         0x0000000000000000        0xc obj/test.o
 .group         0x0000000000000000        0xc obj/test.o
 .group         0x0000000000000000        0xc obj/test.o
 .group         0x0000000000000000        0xc obj/test.o
 .group         0x0000000000000000        0x8 obj/test.o
 .group         0x0000000000000000        0x8 obj/test.o
 .group         0x0000000000000000        0xc obj/test.o
 .group         0x0000000000000000        0xc obj/test.o
 .group         0x0000000000000000        0xc obj/test.o
 .group         0x0000000000000000        0xc obj/test.o
 .group         0x0000000000000000        0x8 obj/test.o
 .group         0x0000000000000000        0x8 obj/test.o
 .group         0x0000000000000000        0xc obj/test.o
 .group         0x0000000000000000        0x8 obj/test.o
 .group         0x0000000000000000        0xc obj/test.o
 .group         0x0000000000000000        0xc obj/test.o
 .group         0x0000000000000000        0x8 obj/test.o
 .group         0x0000000000000000        0xc obj/test.o
 .group         0x0000000000000000        0x8 obj/test.o
 .group         0x0000000000000000        0xc obj/test.o
 .group         0x0000000000000000        0xc obj/test.o
 .group         0x0000000000000000        0x8 obj/test.o
 .group         0x0000000000000000        0xc obj/test.o
 .group         0x0000000000000000        0xc obj/test.o
 .group         0x0000000000000000        0xc obj/test.o
 .group         0x0000000000000000        0xc obj/test.o
 .group         0x0000000000000000        0x8 obj/test.o
 .group         0x0000000000000000        0xc obj/test.o
 .group         0x0000000000000000        0xc obj/test.o
 .group         0x0000000000000000        0xc obj/test.o
 .group         0x0000000000000000        0xc obj/test.o
 .group         0x0000000000000000        0xc obj/test.o
 .group         0x0000000000000000        0xc obj/test.o
 .group         0x0000000000000000        0xc obj/test.o
 .group         0x0000000000000000        0xc obj/test.o
 .group         0x0000000000000000        0xc obj/test.o
 .group         0x0000000000000000        0xc obj/test.o
 .group         0x0000000000000000        0xc obj/test.o
 .group         0x0000000000000000        0xc obj/test.o
 .group         0x0000000000000000        0x8 obj/test.o
 .group         0x0000000000000000        0xc obj/test.o
 .group         0x0000000000000000        0xc obj/test.o
 .group         0x0000000000000000        0xc obj/test.o
 .group         0x0000000000000000        0xc obj/test.o
 .group         0x0000000000000000        0xc obj/test.o
 .group         0x0000000000000000        0xc obj/test.o
 .group         0x0000000000000000        0xc obj/test.o
 .group         0x0000000000000000        0xc obj/test.o
 .group         0x0000000000000000        0xc obj/test.o
 .group         0x0000000000000000        0xc obj/test.o
[...]
Memory Configuration

Name             Origin             Length             Attributes
*default*        0x0000000000000000 0xffffffffffffffff

Linker script and memory map

LOAD /usr/lib/gcc/x86_64-pc-linux-gnu/11.1.0/../../../../lib/Scrt1.o
LOAD /usr/lib/gcc/x86_64-pc-linux-gnu/11.1.0/../../../../lib/crti.o
LOAD /usr/lib/gcc/x86_64-pc-linux-gnu/11.1.0/crtbeginS.o
LOAD obj/test.o
LOAD obj/XOR.o
LOAD /tmp/cc7SiPMz.o
LOAD /usr/lib/gcc/x86_64-pc-linux-gnu/11.1.0/../../../../lib/libstdc++.so
LOAD /usr/lib/gcc/x86_64-pc-linux-gnu/11.1.0/../../../../lib/libm.so
START GROUP
LOAD /usr/lib/libm.so.6
LOAD /usr/lib/libmvec.so.1
END GROUP
LOAD /usr/lib/gcc/x86_64-pc-linux-gnu/11.1.0/../../../../lib/libgcc_s.so
START GROUP
LOAD /usr/lib/gcc/x86_64-pc-linux-gnu/11.1.0/../../../../lib/libgcc_s.so.1
LOAD /usr/lib/gcc/x86_64-pc-linux-gnu/11.1.0/libgcc.a
END GROUP
LOAD /usr/lib/gcc/x86_64-pc-linux-gnu/11.1.0/libgcc.a
LOAD /usr/lib/gcc/x86_64-pc-linux-gnu/11.1.0/../../../../lib/libc.so
START GROUP
LOAD /usr/lib/libc.so.6
LOAD /usr/lib/libc_nonshared.a
LOAD /usr/lib/ld-linux-x86-64.so.2
END GROUP
LOAD /usr/lib/gcc/x86_64-pc-linux-gnu/11.1.0/../../../../lib/libgcc_s.so
START GROUP
LOAD /usr/lib/gcc/x86_64-pc-linux-gnu/11.1.0/../../../../lib/libgcc_s.so.1
LOAD /usr/lib/gcc/x86_64-pc-linux-gnu/11.1.0/libgcc.a
END GROUP
LOAD /usr/lib/gcc/x86_64-pc-linux-gnu/11.1.0/libgcc.a
LOAD /usr/lib/gcc/x86_64-pc-linux-gnu/11.1.0/crtendS.o
LOAD /usr/lib/gcc/x86_64-pc-linux-gnu/11.1.0/../../../../lib/crtn.o
                [!provide]                        PROVIDE (__executable_start = SEGMENT_START ("text-segment", 0x0))
                0x0000000000000318                . = (SEGMENT_START ("text-segment", 0x0) + SIZEOF_HEADERS)

.interp         0x0000000000000318       0x1c
 *(.interp)
 .interp        0x0000000000000318       0x1c /usr/lib/gcc/x86_64-pc-linux-gnu/11.1.0/../../../../lib/Scrt1.o

.note.gnu.property
                0x0000000000000338       0x40
 .note.gnu.property
                0x0000000000000338       0x40 /usr/lib/gcc/x86_64-pc-linux-gnu/11.1.0/../../../../lib/Scrt1.o

.note.gnu.build-id
                0x0000000000000378       0x24
 *(.note.gnu.build-id)
 .note.gnu.build-id
                0x0000000000000378       0x24 /usr/lib/gcc/x86_64-pc-linux-gnu/11.1.0/../../../../lib/Scrt1.o

.note.ABI-tag   0x000000000000039c       0x20
 .note.ABI-tag  0x000000000000039c       0x20 /usr/lib/gcc/x86_64-pc-linux-gnu/11.1.0/../../../../lib/Scrt1.o

.hash
 *(.hash)

.gnu.hash       0x00000000000003c0       0x30
 *(.gnu.hash)
 .gnu.hash      0x00000000000003c0       0x30 /usr/lib/gcc/x86_64-pc-linux-gnu/11.1.0/../../../../lib/Scrt1.o

.dynsym         0x00000000000003f0      0x468
 *(.dynsym)
 .dynsym        0x00000000000003f0      0x468 /usr/lib/gcc/x86_64-pc-linux-gnu/11.1.0/../../../../lib/Scrt1.o

.dynstr         0x0000000000000858      0x753
 *(.dynstr)
 .dynstr        0x0000000000000858      0x753 /usr/lib/gcc/x86_64-pc-linux-gnu/11.1.0/../../../../lib/Scrt1.o

.gnu.version    0x0000000000000fac       0x5e
 *(.gnu.version)
 .gnu.version   0x0000000000000fac       0x5e /usr/lib/gcc/x86_64-pc-linux-gnu/11.1.0/../../../../lib/Scrt1.o

.gnu.version_d  0x0000000000001010        0x0
 *(.gnu.version_d)
 .gnu.version_d
                0x0000000000001010        0x0 /usr/lib/gcc/x86_64-pc-linux-gnu/11.1.0/../../../../lib/Scrt1.o

.gnu.version_r  0x0000000000001010       0xa0
 *(.gnu.version_r)
 .gnu.version_r
                0x0000000000001010       0xa0 /usr/lib/gcc/x86_64-pc-linux-gnu/11.1.0/../../../../lib/Scrt1.o

.rela.dyn       0x00000000000010b0      0x168
 *(.rela.init)
 *(.rela.text .rela.text.* .rela.gnu.linkonce.t.*)
 .rela.text     0x00000000000010b0        0x0 /usr/lib/gcc/x86_64-pc-linux-gnu/11.1.0/../../../../lib/Scrt1.o
 *(.rela.fini)
 *(.rela.rodata .rela.rodata.* .rela.gnu.linkonce.r.*)
 *(.rela.data .rela.data.* .rela.gnu.linkonce.d.*)
 .rela.data.rel.ro
                0x00000000000010b0        0x0 /usr/lib/gcc/x86_64-pc-linux-gnu/11.1.0/../../../../lib/Scrt1.o
 .rela.data.rel.local
                0x00000000000010b0       0x18 /usr/lib/gcc/x86_64-pc-linux-gnu/11.1.0/../../../../lib/Scrt1.o
 .rela.data.rel.local.DW.ref.__gxx_personality_v0
                0x00000000000010c8       0x18 /usr/lib/gcc/x86_64-pc-linux-gnu/11.1.0/../../../../lib/Scrt1.o
 *(.rela.tdata .rela.tdata.* .rela.gnu.linkonce.td.*)
 *(.rela.tbss .rela.tbss.* .rela.gnu.linkonce.tb.*)
 *(.rela.ctors)
 *(.rela.dtors)
 *(.rela.got)
 .rela.got      0x00000000000010e0       0x90 /usr/lib/gcc/x86_64-pc-linux-gnu/11.1.0/../../../../lib/Scrt1.o
 *(.rela.bss .rela.bss.* .rela.gnu.linkonce.b.*)
 .rela.bss      0x0000000000001170       0x30 /usr/lib/gcc/x86_64-pc-linux-gnu/11.1.0/../../../../lib/Scrt1.o
 *(.rela.ldata .rela.ldata.* .rela.gnu.linkonce.l.*)
 *(.rela.lbss .rela.lbss.* .rela.gnu.linkonce.lb.*)
 *(.rela.lrodata .rela.lrodata.* .rela.gnu.linkonce.lr.*)
 *(.rela.ifunc)
 .rela.ifunc    0x00000000000011a0        0x0 /usr/lib/gcc/x86_64-pc-linux-gnu/11.1.0/../../../../lib/Scrt1.o
 .rela.fini_array
                0x00000000000011a0       0x18 /usr/lib/gcc/x86_64-pc-linux-gnu/11.1.0/../../../../lib/Scrt1.o
 .rela.init_array
                0x00000000000011b8       0x60 /usr/lib/gcc/x86_64-pc-linux-gnu/11.1.0/../../../../lib/Scrt1.o
 .rela.eh_frame
                0x0000000000001218        0x0 /usr/lib/gcc/x86_64-pc-linux-gnu/11.1.0/../../../../lib/Scrt1.o

.rela.plt       0x0000000000001218      0x360
 *(.rela.plt)
 .rela.plt      0x0000000000001218      0x360 /usr/lib/gcc/x86_64-pc-linux-gnu/11.1.0/../../../../lib/Scrt1.o
 *(.rela.iplt)
                0x0000000000002000                . = ALIGN (CONSTANT (MAXPAGESIZE))

.init           0x0000000000002000       0x1b
 *(SORT_NONE(.init))
 .init          0x0000000000002000       0x16 /usr/lib/gcc/x86_64-pc-linux-gnu/11.1.0/../../../../lib/crti.o
                0x0000000000002000                _init
 .init          0x0000000000002016        0x5 /usr/lib/gcc/x86_64-pc-linux-gnu/11.1.0/../../../../lib/crtn.o

.plt            0x0000000000002020      0x250
 *(.plt)
 .plt           0x0000000000002020      0x250 /usr/lib/gcc/x86_64-pc-linux-gnu/11.1.0/../../../../lib/Scrt1.o
                0x0000000000002030                std::allocator<char>::~allocator()@@GLIBCXX_3.4
                0x0000000000002040                std::__throw_bad_alloc()@@GLIBCXX_3.4
                0x0000000000002050                __cxa_begin_catch@@CXXABI_1.3
                0x0000000000002060                strlen@@GLIBC_2.2.5
                0x0000000000002070                memcmp@@GLIBC_2.2.5
                0x0000000000002080                std::__throw_length_error(char const*)@@GLIBCXX_3.4
                0x0000000000002090                std::__cxx11::basic_string<char, std::char_traits<char>, std::allocator<char> >::end()@@GLIBCXX_3.4.21
                0x00000000000020a0                std::__cxx11::basic_string<char, std::char_traits<char>, std::allocator<char> >::~basic_string()@@GLIBCXX_3.4.21
                0x00000000000020b0                std::__cxx11::basic_string<char, std::char_traits<char>, std::allocator<char> >::_M_set_length(unsigned long)@@GLIBCXX_3.4.21
                0x00000000000020c0                std::__throw_logic_error(char const*)@@GLIBCXX_3.4
                0x00000000000020d0                std::__cxx11::basic_string<char, std::char_traits<char>, std::allocator<char> >::_M_local_data()@@GLIBCXX_3.4.21
                0x00000000000020e0                std::__cxx11::basic_string<char, std::char_traits<char>, std::allocator<char> >::_M_data(char*)@@GLIBCXX_3.4.21
                0x00000000000020f0                std::__cxx11::basic_string<char, std::char_traits<char>, std::allocator<char> >::begin()@@GLIBCXX_3.4.21
                0x0000000000002100                __cxa_atexit@@GLIBC_2.2.5
                0x0000000000002110                std::basic_ostream<char, std::char_traits<char> >& std::operator<< <std::char_traits<char> >(std::basic_ostream<char, std::char_traits<char> >&, char const*)@@GLIBCXX_3.4
                0x0000000000002120                operator new(unsigned long)@@GLIBCXX_3.4
                0x0000000000002130                operator delete(void*, unsigned long)@@CXXABI_1.3.9
                0x0000000000002140                std::__cxx11::basic_string<char, std::char_traits<char>, std::allocator<char> >::_Alloc_hider::_Alloc_hider(char*, std::allocator<char> const&)@@GLIBCXX_3.4.21
                0x0000000000002150                std::allocator<char>::~allocator()@@GLIBCXX_3.4
                0x0000000000002160                std::__cxx11::basic_string<char, std::char_traits<char>, std::allocator<char> >::_M_data() const@@GLIBCXX_3.4.21
                0x0000000000002170                std::__cxx11::basic_string<char, std::char_traits<char>, std::allocator<char> >::_S_copy_chars(char*, char const*, char const*)@@GLIBCXX_3.4.21
                0x0000000000002180                __stack_chk_fail@@GLIBC_2.4
                0x0000000000002190                std::__cxx11::basic_string<char, std::char_traits<char>, std::allocator<char> >::_M_dispose()@@GLIBCXX_3.4.21
                0x00000000000021a0                std::basic_istream<char, std::char_traits<char> >& std::operator>><char, std::char_traits<char>, std::allocator<char> >(std::basic_istream<char, std::char_traits<char> >&, std::__cxx11::basic_string<char, std::char_traits<char>, std::allocator<char> >&)@@GLIBCXX_3.4.21
                0x00000000000021b0                std::__cxx11::basic_string<char, std::char_traits<char>, std::allocator<char> >::operator=(char const*)@@GLIBCXX_3.4.21
                0x00000000000021c0                std::__cxx11::basic_string<char, std::char_traits<char>, std::allocator<char> >::basic_string()@@GLIBCXX_3.4.21
                0x00000000000021d0                __cxa_rethrow@@CXXABI_1.3
                0x00000000000021e0                std::basic_ostream<char, std::char_traits<char> >& std::operator<< <std::char_traits<char> >(std::basic_ostream<char, std::char_traits<char> >&, unsigned char)@@GLIBCXX_3.4
                0x00000000000021f0                std::ios_base::Init::Init()@@GLIBCXX_3.4
                0x0000000000002200                memmove@@GLIBC_2.2.5
                0x0000000000002210                __cxa_end_catch@@CXXABI_1.3
                0x0000000000002220                _Unwind_Resume@@GCC_3.0
                0x0000000000002230                std::allocator<char>::allocator()@@GLIBCXX_3.4
                0x0000000000002240                std::__cxx11::basic_string<char, std::char_traits<char>, std::allocator<char> >::_M_create(unsigned long&, unsigned long)@@GLIBCXX_3.4.21
                0x0000000000002250                std::__cxx11::basic_string<char, std::char_traits<char>, std::allocator<char> >::_M_capacity(unsigned long)@@GLIBCXX_3.4.21
                0x0000000000002260                std::__cxx11::basic_string<char, std::char_traits<char>, std::allocator<char> >::operator[](unsigned long)@@GLIBCXX_3.4.21
 *(.iplt)

.plt.got        0x0000000000002270        0x0
 *(.plt.got)
 .plt.got       0x0000000000002270        0x0 /usr/lib/gcc/x86_64-pc-linux-gnu/11.1.0/../../../../lib/Scrt1.o

.plt.sec
 *(.plt.sec)

.text           0x0000000000002270     0x3355
 *(.text.unlikely .text.*_unlikely .text.unlikely.*)
 *(.text.exit .text.exit.*)
 *(.text.startup .text.startup.*)
 *(.text.hot .text.hot.*)
 *(SORT_BY_NAME(.text.sorted.*))
 *(.text .stub .text.* .gnu.linkonce.t.*)
 .text          0x0000000000002270       0x2f /usr/lib/gcc/x86_64-pc-linux-gnu/11.1.0/../../../../lib/Scrt1.o
                0x0000000000002270                _start
 .text          0x000000000000229f        0x0 /usr/lib/gcc/x86_64-pc-linux-gnu/11.1.0/../../../../lib/crti.o
 *fill*         0x000000000000229f        0x1 
 .text          0x00000000000022a0       0xc9 /usr/lib/gcc/x86_64-pc-linux-gnu/11.1.0/crtbeginS.o
 .text          0x0000000000002369      0x899 obj/test.o
                0x0000000000002369                defaultTest()
                0x00000000000027cf                expectedOutputTest()
                0x0000000000002b8b                main
 .text._ZNSt11char_traitsIcE6lengthEPKc
                0x0000000000002c02       0x3a obj/test.o
                0x0000000000002c02                std::char_traits<char>::length(char const*)
 .text._ZNSt12_Vector_baseIhSaIhEE12_Vector_implD2Ev
                0x0000000000002c3c       0x1b obj/test.o
                0x0000000000002c3c                std::_Vector_base<unsigned char, std::allocator<unsigned char> >::_Vector_impl::~_Vector_impl()
                0x0000000000002c3c                std::_Vector_base<unsigned char, std::allocator<unsigned char> >::_Vector_impl::~_Vector_impl()
 *fill*         0x0000000000002c57        0x1 
 .text._ZNSt12_Vector_baseIhSaIhEEC2Ev
                0x0000000000002c58       0x1b obj/test.o
                0x0000000000002c58                std::_Vector_base<unsigned char, std::allocator<unsigned char> >::_Vector_base()
                0x0000000000002c58                std::_Vector_base<unsigned char, std::allocator<unsigned char> >::_Vector_base()
 *fill*         0x0000000000002c73        0x1 
 .text._ZNSt6vectorIhSaIhEEC2Ev
                0x0000000000002c74       0x1b obj/test.o
                0x0000000000002c74                std::vector<unsigned char, std::allocator<unsigned char> >::vector()
                0x0000000000002c74                std::vector<unsigned char, std::allocator<unsigned char> >::vector()
 .text._ZN9__gnu_cxx11char_traitsIcE2eqERKcS3_
                0x0000000000002c8f       0x21 obj/test.o
                0x0000000000002c8f                __gnu_cxx::char_traits<char>::eq(char const&, char const&)
 .text._ZN9__gnu_cxx11char_traitsIcE6lengthEPKc
                0x0000000000002cb0       0x69 obj/test.o
                0x0000000000002cb0                __gnu_cxx::char_traits<char>::length(char const*)
 *fill*         0x0000000000002d19        0x1 
 .text._ZNSt7__cxx1112basic_stringIcSt11char_traitsIcESaIcEE12_Alloc_hiderD2Ev
                0x0000000000002d1a       0x1b obj/test.o
                0x0000000000002d1a                std::__cxx11::basic_string<char, std::char_traits<char>, std::allocator<char> >::_Alloc_hider::~_Alloc_hider()
                0x0000000000002d1a                std::__cxx11::basic_string<char, std::char_traits<char>, std::allocator<char> >::_Alloc_hider::~_Alloc_hider()
 *fill*         0x0000000000002d35        0x1 
 .text._ZNSt7__cxx1112basic_stringIcSt11char_traitsIcESaIcEEC2IS3_EEPKcRKS3_
                0x0000000000002d36       0x93 obj/test.o
                0x0000000000002d36                std::__cxx11::basic_string<char, std::char_traits<char>, std::allocator<char> >::basic_string<std::allocator<char> >(char const*, std::allocator<char> const&)
                0x0000000000002d36                std::__cxx11::basic_string<char, std::char_traits<char>, std::allocator<char> >::basic_string<std::allocator<char> >(char const*, std::allocator<char> const&)
 *fill*         0x0000000000002dc9        0x1 
 .text._ZNSaIhEC2Ev
                0x0000000000002dca       0x1b obj/test.o
                0x0000000000002dca                std::allocator<unsigned char>::allocator()
                0x0000000000002dca                std::allocator<unsigned char>::allocator()
 *fill*         0x0000000000002de5        0x1 
 .text._ZNSaIhED2Ev
                0x0000000000002de6       0x1b obj/test.o
                0x0000000000002de6                std::allocator<unsigned char>::~allocator()
                0x0000000000002de6                std::allocator<unsigned char>::~allocator()
 *fill*         0x0000000000002e01        0x1 
 .text._ZNSt6vectorIhSaIhEEC2IN9__gnu_cxx17__normal_iteratorIPcNSt7__cxx1112basic_stringIcSt11char_traitsIcESaIcEEEEEvEET_SD_RKS0_
                0x0000000000002e02       0x94 obj/test.o
                0x0000000000002e02                std::vector<unsigned char, std::allocator<unsigned char> >::vector<__gnu_cxx::__normal_iterator<char*, std::__cxx11::basic_string<char, std::char_traits<char>, std::allocator<char> > >, void>(__gnu_cxx::__normal_iterator<char*, std::__cxx11::basic_string<char, std::char_traits<char>, std::allocator<char> > >, __gnu_cxx::__normal_iterator<char*, std::__cxx11::basic_string<char, std::char_traits<char>, std::allocator<char> > >, std::allocator<unsigned char> const&)
                0x0000000000002e02                std::vector<unsigned char, std::allocator<unsigned char> >::vector<__gnu_cxx::__normal_iterator<char*, std::__cxx11::basic_string<char, std::char_traits<char>, std::allocator<char> > >, void>(__gnu_cxx::__normal_iterator<char*, std::__cxx11::basic_string<char, std::char_traits<char>, std::allocator<char> > >, __gnu_cxx::__normal_iterator<char*, std::__cxx11::basic_string<char, std::char_traits<char>, std::allocator<char> > >, std::allocator<unsigned char> const&)
 .text._ZNSt6vectorIhSaIhEED2Ev
                0x0000000000002e96       0x44 obj/test.o
                0x0000000000002e96                std::vector<unsigned char, std::allocator<unsigned char> >::~vector()
                0x0000000000002e96                std::vector<unsigned char, std::allocator<unsigned char> >::~vector()
 .text._ZNSt12_Vector_baseIhSaIhEE12_Vector_implC2Ev
                0x0000000000002eda       0x27 obj/test.o
                0x0000000000002eda                std::_Vector_base<unsigned char, std::allocator<unsigned char> >::_Vector_impl::_Vector_impl()
                0x0000000000002eda                std::_Vector_base<unsigned char, std::allocator<unsigned char> >::_Vector_impl::_Vector_impl()
 *fill*         0x0000000000002f01        0x1 
 .text._ZNSt12_Vector_baseIhSaIhEED2Ev
                0x0000000000002f02       0x49 obj/test.o
                0x0000000000002f02                std::_Vector_base<unsigned char, std::allocator<unsigned char> >::~_Vector_base()
                0x0000000000002f02                std::_Vector_base<unsigned char, std::allocator<unsigned char> >::~_Vector_base()
 *fill*         0x0000000000002f4b        0x1 
 .text._ZNKSt6vectorIhSaIhEE4sizeEv
                0x0000000000002f4c       0x1f obj/test.o
                0x0000000000002f4c                std::vector<unsigned char, std::allocator<unsigned char> >::size() const
 *fill*         0x0000000000002f6b        0x1 
 .text._ZNSt6vectorIhSaIhEEixEm
                0x0000000000002f6c       0x1c obj/test.o
                0x0000000000002f6c                std::vector<unsigned char, std::allocator<unsigned char> >::operator[](unsigned long)
 .text._ZNSt6vectorIhSaIhEEC2ERKS1_
                0x0000000000002f88      0x113 obj/test.o
                0x0000000000002f88                std::vector<unsigned char, std::allocator<unsigned char> >::vector(std::vector<unsigned char, std::allocator<unsigned char> > const&)
                0x0000000000002f88                std::vector<unsigned char, std::allocator<unsigned char> >::vector(std::vector<unsigned char, std::allocator<unsigned char> > const&)
 *fill*         0x000000000000309b        0x1 
 .text._ZNSt6vectorIhSaIhEEaSEOS1_
                0x000000000000309c       0x38 obj/test.o
                0x000000000000309c                std::vector<unsigned char, std::allocator<unsigned char> >::operator=(std::vector<unsigned char, std::allocator<unsigned char> >&&)
 .text._ZSteqIhSaIhEEbRKSt6vectorIT_T0_ES6_
                0x00000000000030d4       0x84 obj/test.o
                0x00000000000030d4                bool std::operator==<unsigned char, std::allocator<unsigned char> >(std::vector<unsigned char, std::allocator<unsigned char> > const&, std::vector<unsigned char, std::allocator<unsigned char> > const&)
 .text._ZNSt7__cxx1112basic_stringIcSt11char_traitsIcESaIcEE12_M_constructIPKcEEvT_S8_
                0x0000000000003158       0x2e obj/test.o
                0x0000000000003158                void std::__cxx11::basic_string<char, std::char_traits<char>, std::allocator<char> >::_M_construct<char const*>(char const*, char const*)
 .text._ZN9__gnu_cxx13new_allocatorIhEC2Ev
                0x0000000000003186        0xb obj/test.o
                0x0000000000003186                __gnu_cxx::new_allocator<unsigned char>::new_allocator()
                0x0000000000003186                __gnu_cxx::new_allocator<unsigned char>::new_allocator()
 *fill*         0x0000000000003191        0x1 
 .text._ZN9__gnu_cxx13new_allocatorIhED2Ev
                0x0000000000003192        0xb obj/test.o
                0x0000000000003192                __gnu_cxx::new_allocator<unsigned char>::~new_allocator()
                0x0000000000003192                __gnu_cxx::new_allocator<unsigned char>::~new_allocator()
 *fill*         0x000000000000319d        0x1 
 .text._ZNSt12_Vector_baseIhSaIhEEC2ERKS0_
                0x000000000000319e       0x26 obj/test.o
                0x000000000000319e                std::_Vector_base<unsigned char, std::allocator<unsigned char> >::_Vector_base(std::allocator<unsigned char> const&)
                0x000000000000319e                std::_Vector_base<unsigned char, std::allocator<unsigned char> >::_Vector_base(std::allocator<unsigned char> const&)
 .text._ZSt19__iterator_categoryIN9__gnu_cxx17__normal_iteratorIPcNSt7__cxx1112basic_stringIcSt11char_traitsIcESaIcEEEEEENSt15iterator_traitsIT_E17iterator_categoryERKSB_
                0x00000000000031c4        0xa obj/test.o
                0x00000000000031c4                std::iterator_traits<__gnu_cxx::__normal_iterator<char*, std::__cxx11::basic_string<char, std::char_traits<char>, std::allocator<char> > > >::iterator_category std::__iterator_category<__gnu_cxx::__normal_iterator<char*, std::__cxx11::basic_string<char, std::char_traits<char>, std::allocator<char> > > >(__gnu_cxx::__normal_iterator<char*, std::__cxx11::basic_string<char, std::char_traits<char>, std::allocator<char> > > const&)
 .text._ZSt8distanceIN9__gnu_cxx17__normal_iteratorIPcNSt7__cxx1112basic_stringIcSt11char_traitsIcESaIcEEEEEENSt15iterator_traitsIT_E15difference_typeESB_SB_
                0x00000000000031ce       0x31 obj/test.o
                0x00000000000031ce                std::iterator_traits<__gnu_cxx::__normal_iterator<char*, std::__cxx11::basic_string<char, std::char_traits<char>, std::allocator<char> > > >::difference_type std::distance<__gnu_cxx::__normal_iterator<char*, std::__cxx11::basic_string<char, std::char_traits<char>, std::allocator<char> > > >(__gnu_cxx::__normal_iterator<char*, std::__cxx11::basic_string<char, std::char_traits<char>, std::allocator<char> > >, __gnu_cxx::__normal_iterator<char*, std::__cxx11::basic_string<char, std::char_traits<char>, std::allocator<char> > >)
 *fill*         0x00000000000031ff        0x1 
 .text._ZNSt6vectorIhSaIhEE19_M_range_initializeIN9__gnu_cxx17__normal_iteratorIPcNSt7__cxx1112basic_stringIcSt11char_traitsIcESaIcEEEEEEEvT_SD_St20forward_iterator_tag
                0x0000000000003200       0xab obj/test.o
                0x0000000000003200                void std::vector<unsigned char, std::allocator<unsigned char> >::_M_range_initialize<__gnu_cxx::__normal_iterator<char*, std::__cxx11::basic_string<char, std::char_traits<char>, std::allocator<char> > > >(__gnu_cxx::__normal_iterator<char*, std::__cxx11::basic_string<char, std::char_traits<char>, std::allocator<char> > >, __gnu_cxx::__normal_iterator<char*, std::__cxx11::basic_string<char, std::char_traits<char>, std::allocator<char> > >, std::forward_iterator_tag)
 *fill*         0x00000000000032ab        0x1 
 .text._ZNSt12_Vector_baseIhSaIhEE19_M_get_Tp_allocatorEv
                0x00000000000032ac        0xe obj/test.o
                0x00000000000032ac                std::_Vector_base<unsigned char, std::allocator<unsigned char> >::_M_get_Tp_allocator()
 .text._ZSt8_DestroyIPhhEvT_S1_RSaIT0_E
                0x00000000000032ba       0x2a obj/test.o
                0x00000000000032ba                void std::_Destroy<unsigned char*, unsigned char>(unsigned char*, unsigned char*, std::allocator<unsigned char>&)
 .text._ZNSt12_Vector_baseIhSaIhEE17_Vector_impl_dataC2Ev
                0x00000000000032e4       0x2e obj/test.o
                0x00000000000032e4                std::_Vector_base<unsigned char, std::allocator<unsigned char> >::_Vector_impl_data::_Vector_impl_data()
                0x00000000000032e4                std::_Vector_base<unsigned char, std::allocator<unsigned char> >::_Vector_impl_data::_Vector_impl_data()
 .text._ZNSt12_Vector_baseIhSaIhEE13_M_deallocateEPhm
                0x0000000000003312       0x35 obj/test.o
                0x0000000000003312                std::_Vector_base<unsigned char, std::allocator<unsigned char> >::_M_deallocate(unsigned char*, unsigned long)
 .text._ZN9__gnu_cxx14__alloc_traitsISaIhEhE17_S_select_on_copyERKS1_
                0x0000000000003347       0x4c obj/test.o
                0x0000000000003347                __gnu_cxx::__alloc_traits<std::allocator<unsigned char>, unsigned char>::_S_select_on_copy(std::allocator<unsigned char> const&)
 *fill*         0x0000000000003393        0x1 
 .text._ZNKSt12_Vector_baseIhSaIhEE19_M_get_Tp_allocatorEv
                0x0000000000003394        0xe obj/test.o
                0x0000000000003394                std::_Vector_base<unsigned char, std::allocator<unsigned char> >::_M_get_Tp_allocator() const
 .text._ZNSt12_Vector_baseIhSaIhEEC2EmRKS0_
                0x00000000000033a2       0x5d obj/test.o
                0x00000000000033a2                std::_Vector_base<unsigned char, std::allocator<unsigned char> >::_Vector_base(unsigned long, std::allocator<unsigned char> const&)
                0x00000000000033a2                std::_Vector_base<unsigned char, std::allocator<unsigned char> >::_Vector_base(unsigned long, std::allocator<unsigned char> const&)
 *fill*         0x00000000000033ff        0x1 
 .text._ZNKSt6vectorIhSaIhEE5beginEv
                0x0000000000003400       0x48 obj/test.o
                0x0000000000003400                std::vector<unsigned char, std::allocator<unsigned char> >::begin() const
 .text._ZNKSt6vectorIhSaIhEE3endEv
                0x0000000000003448       0x4c obj/test.o
                0x0000000000003448                std::vector<unsigned char, std::allocator<unsigned char> >::end() const
 .text._ZSt22__uninitialized_copy_aIN9__gnu_cxx17__normal_iteratorIPKhSt6vectorIhSaIhEEEEPhhET0_T_SA_S9_RSaIT1_E
                0x0000000000003494       0x31 obj/test.o
                0x0000000000003494                unsigned char* std::__uninitialized_copy_a<__gnu_cxx::__normal_iterator<unsigned char const*, std::vector<unsigned char, std::allocator<unsigned char> > >, unsigned char*, unsigned char>(__gnu_cxx::__normal_iterator<unsigned char const*, std::vector<unsigned char, std::allocator<unsigned char> > >, __gnu_cxx::__normal_iterator<unsigned char const*, std::vector<unsigned char, std::allocator<unsigned char> > >, unsigned char*, std::allocator<unsigned char>&)
 .text._ZSt4moveIRSt6vectorIhSaIhEEEONSt16remove_referenceIT_E4typeEOS5_
                0x00000000000034c5        0xe obj/test.o
                0x00000000000034c5                std::remove_reference<std::vector<unsigned char, std::allocator<unsigned char> >&>::type&& std::move<std::vector<unsigned char, std::allocator<unsigned char> >&>(std::vector<unsigned char, std::allocator<unsigned char> >&)
 *fill*         0x00000000000034d3        0x1 
 .text._ZNSt6vectorIhSaIhEE14_M_move_assignEOS1_St17integral_constantIbLb1EE
                0x00000000000034d4       0xc4 obj/test.o
                0x00000000000034d4                std::vector<unsigned char, std::allocator<unsigned char> >::_M_move_assign(std::vector<unsigned char, std::allocator<unsigned char> >&&, std::integral_constant<bool, true>)
 .text._ZSt5equalIN9__gnu_cxx17__normal_iteratorIPKhSt6vectorIhSaIhEEEES7_EbT_S8_T0_
                0x0000000000003598       0x2d obj/test.o
                0x0000000000003598                bool std::equal<__gnu_cxx::__normal_iterator<unsigned char const*, std::vector<unsigned char, std::allocator<unsigned char> > >, __gnu_cxx::__normal_iterator<unsigned char const*, std::vector<unsigned char, std::allocator<unsigned char> > > >(__gnu_cxx::__normal_iterator<unsigned char const*, std::vector<unsigned char, std::allocator<unsigned char> > >, __gnu_cxx::__normal_iterator<unsigned char const*, std::vector<unsigned char, std::allocator<unsigned char> > >, __gnu_cxx::__normal_iterator<unsigned char const*, std::vector<unsigned char, std::allocator<unsigned char> > >)
 *fill*         0x00000000000035c5        0x1 
 .text._ZNSt7__cxx1112basic_stringIcSt11char_traitsIcESaIcEE16_M_construct_auxIPKcEEvT_S8_St12__false_type
                0x00000000000035c6       0x51 obj/test.o
                0x00000000000035c6                void std::__cxx11::basic_string<char, std::char_traits<char>, std::allocator<char> >::_M_construct_aux<char const*>(char const*, char const*, std::__false_type)
 *fill*         0x0000000000003617        0x1 
 .text._ZNSt12_Vector_baseIhSaIhEE12_Vector_implC2ERKS0_
                0x0000000000003618       0x32 obj/test.o
                0x0000000000003618                std::_Vector_base<unsigned char, std::allocator<unsigned char> >::_Vector_impl::_Vector_impl(std::allocator<unsigned char> const&)
                0x0000000000003618                std::_Vector_base<unsigned char, std::allocator<unsigned char> >::_Vector_impl::_Vector_impl(std::allocator<unsigned char> const&)
 .text._ZSt10__distanceIN9__gnu_cxx17__normal_iteratorIPcNSt7__cxx1112basic_stringIcSt11char_traitsIcESaIcEEEEEENSt15iterator_traitsIT_E15difference_typeESB_SB_St26random_access_iterator_tag
                0x000000000000364a       0x25 obj/test.o
                0x000000000000364a                std::iterator_traits<__gnu_cxx::__normal_iterator<char*, std::__cxx11::basic_string<char, std::char_traits<char>, std::allocator<char> > > >::difference_type std::__distance<__gnu_cxx::__normal_iterator<char*, std::__cxx11::basic_string<char, std::char_traits<char>, std::allocator<char> > > >(__gnu_cxx::__normal_iterator<char*, std::__cxx11::basic_string<char, std::char_traits<char>, std::allocator<char> > >, __gnu_cxx::__normal_iterator<char*, std::__cxx11::basic_string<char, std::char_traits<char>, std::allocator<char> > >, std::random_access_iterator_tag)
 .text._ZNSt6vectorIhSaIhEE17_S_check_init_lenEmRKS0_
                0x000000000000366f       0x83 obj/test.o
                0x000000000000366f                std::vector<unsigned char, std::allocator<unsigned char> >::_S_check_init_len(unsigned long, std::allocator<unsigned char> const&)
 .text._ZNSt12_Vector_baseIhSaIhEE11_M_allocateEm
                0x00000000000036f2       0x33 obj/test.o
                0x00000000000036f2                std::_Vector_base<unsigned char, std::allocator<unsigned char> >::_M_allocate(unsigned long)
 .text._ZSt22__uninitialized_copy_aIN9__gnu_cxx17__normal_iteratorIPcNSt7__cxx1112basic_stringIcSt11char_traitsIcESaIcEEEEEPhhET0_T_SC_SB_RSaIT1_E
                0x0000000000003725       0x31 obj/test.o
                0x0000000000003725                unsigned char* std::__uninitialized_copy_a<__gnu_cxx::__normal_iterator<char*, std::__cxx11::basic_string<char, std::char_traits<char>, std::allocator<char> > >, unsigned char*, unsigned char>(__gnu_cxx::__normal_iterator<char*, std::__cxx11::basic_string<char, std::char_traits<char>, std::allocator<char> > >, __gnu_cxx::__normal_iterator<char*, std::__cxx11::basic_string<char, std::char_traits<char>, std::allocator<char> > >, unsigned char*, std::allocator<unsigned char>&)
 .text._ZSt8_DestroyIPhEvT_S1_
                0x0000000000003756       0x26 obj/test.o
                0x0000000000003756                void std::_Destroy<unsigned char*>(unsigned char*, unsigned char*)
 .text._ZNSt16allocator_traitsISaIhEE10deallocateERS0_Phm
                0x000000000000377c       0x2e obj/test.o
                0x000000000000377c                std::allocator_traits<std::allocator<unsigned char> >::deallocate(std::allocator<unsigned char>&, unsigned char*, unsigned long)
 .text._ZNSt16allocator_traitsISaIhEE37select_on_container_copy_constructionERKS0_
                0x00000000000037aa       0x29 obj/test.o
                0x00000000000037aa                std::allocator_traits<std::allocator<unsigned char> >::select_on_container_copy_construction(std::allocator<unsigned char> const&)
 *fill*         0x00000000000037d3        0x1 
 .text._ZNSt12_Vector_baseIhSaIhEE17_M_create_storageEm
                0x00000000000037d4       0x52 obj/test.o
                0x00000000000037d4                std::_Vector_base<unsigned char, std::allocator<unsigned char> >::_M_create_storage(unsigned long)
 .text._ZN9__gnu_cxx17__normal_iteratorIPKhSt6vectorIhSaIhEEEC2ERKS2_
                0x0000000000003826       0x1d obj/test.o
                0x0000000000003826                __gnu_cxx::__normal_iterator<unsigned char const*, std::vector<unsigned char, std::allocator<unsigned char> > >::__normal_iterator(unsigned char const* const&)
                0x0000000000003826                __gnu_cxx::__normal_iterator<unsigned char const*, std::vector<unsigned char, std::allocator<unsigned char> > >::__normal_iterator(unsigned char const* const&)
 .text._ZSt18uninitialized_copyIN9__gnu_cxx17__normal_iteratorIPKhSt6vectorIhSaIhEEEEPhET0_T_SA_S9_
                0x0000000000003843       0x31 obj/test.o
                0x0000000000003843                unsigned char* std::uninitialized_copy<__gnu_cxx::__normal_iterator<unsigned char const*, std::vector<unsigned char, std::allocator<unsigned char> > >, unsigned char*>(__gnu_cxx::__normal_iterator<unsigned char const*, std::vector<unsigned char, std::allocator<unsigned char> > >, __gnu_cxx::__normal_iterator<unsigned char const*, std::vector<unsigned char, std::allocator<unsigned char> > >, unsigned char*)
 .text._ZNKSt12_Vector_baseIhSaIhEE13get_allocatorEv
                0x0000000000003874       0x34 obj/test.o
                0x0000000000003874                std::_Vector_base<unsigned char, std::allocator<unsigned char> >::get_allocator() const
 .text._ZNSt6vectorIhSaIhEEC2ERKS0_
                0x00000000000038a8       0x26 obj/test.o
                0x00000000000038a8                std::vector<unsigned char, std::allocator<unsigned char> >::vector(std::allocator<unsigned char> const&)
                0x00000000000038a8                std::vector<unsigned char, std::allocator<unsigned char> >::vector(std::allocator<unsigned char> const&)
 .text._ZNSt12_Vector_baseIhSaIhEE17_Vector_impl_data12_M_swap_dataERS2_
                0x00000000000038ce       0x7b obj/test.o
                0x00000000000038ce                std::_Vector_base<unsigned char, std::allocator<unsigned char> >::_Vector_impl_data::_M_swap_data(std::_Vector_base<unsigned char, std::allocator<unsigned char> >::_Vector_impl_data&)
 .text._ZSt15__alloc_on_moveISaIhEEvRT_S2_
                0x0000000000003949       0x1f obj/test.o
                0x0000000000003949                void std::__alloc_on_move<std::allocator<unsigned char> >(std::allocator<unsigned char>&, std::allocator<unsigned char>&)
 .text._ZSt11__equal_auxIN9__gnu_cxx17__normal_iteratorIPKhSt6vectorIhSaIhEEEES7_EbT_S8_T0_
                0x0000000000003968       0x58 obj/test.o
                0x0000000000003968                bool std::__equal_aux<__gnu_cxx::__normal_iterator<unsigned char const*, std::vector<unsigned char, std::allocator<unsigned char> > >, __gnu_cxx::__normal_iterator<unsigned char const*, std::vector<unsigned char, std::allocator<unsigned char> > > >(__gnu_cxx::__normal_iterator<unsigned char const*, std::vector<unsigned char, std::allocator<unsigned char> > >, __gnu_cxx::__normal_iterator<unsigned char const*, std::vector<unsigned char, std::allocator<unsigned char> > >, __gnu_cxx::__normal_iterator<unsigned char const*, std::vector<unsigned char, std::allocator<unsigned char> > >)
 .text._ZSt8distanceIPKcENSt15iterator_traitsIT_E15difference_typeES3_S3_
                0x00000000000039c0       0x31 obj/test.o
                0x00000000000039c0                std::iterator_traits<char const*>::difference_type std::distance<char const*>(char const*, char const*)
 *fill*         0x00000000000039f1        0x1 
 .text._ZNSt7__cxx1112basic_stringIcSt11char_traitsIcESaIcEE12_M_constructIPKcEEvT_S8_St20forward_iterator_tag
                0x00000000000039f2      0x139 obj/test.o
                0x00000000000039f2                void std::__cxx11::basic_string<char, std::char_traits<char>, std::allocator<char> >::_M_construct<char const*>(char const*, char const*, std::forward_iterator_tag)
 *fill*         0x0000000000003b2b        0x1 
 .text._ZNSaIhEC2ERKS_
                0x0000000000003b2c       0x26 obj/test.o
                0x0000000000003b2c                std::allocator<unsigned char>::allocator(std::allocator<unsigned char> const&)
                0x0000000000003b2c                std::allocator<unsigned char>::allocator(std::allocator<unsigned char> const&)
 .text._ZN9__gnu_cxxmiIPcNSt7__cxx1112basic_stringIcSt11char_traitsIcESaIcEEEEENS_17__normal_iteratorIT_T0_E15difference_typeERKSB_SE_
                0x0000000000003b52       0x3b obj/test.o
                0x0000000000003b52                __gnu_cxx::__normal_iterator<char*, std::__cxx11::basic_string<char, std::char_traits<char>, std::allocator<char> > >::difference_type __gnu_cxx::operator-<char*, std::__cxx11::basic_string<char, std::char_traits<char>, std::allocator<char> > >(__gnu_cxx::__normal_iterator<char*, std::__cxx11::basic_string<char, std::char_traits<char>, std::allocator<char> > > const&, __gnu_cxx::__normal_iterator<char*, std::__cxx11::basic_string<char, std::char_traits<char>, std::allocator<char> > > const&)
 .text._ZNSt6vectorIhSaIhEE11_S_max_sizeERKS0_
                0x0000000000003b8d       0x65 obj/test.o
                0x0000000000003b8d                std::vector<unsigned char, std::allocator<unsigned char> >::_S_max_size(std::allocator<unsigned char> const&)
 .text._ZNSt16allocator_traitsISaIhEE8allocateERS0_m
                0x0000000000003bf2       0x2a obj/test.o
                0x0000000000003bf2                std::allocator_traits<std::allocator<unsigned char> >::allocate(std::allocator<unsigned char>&, unsigned long)
 .text._ZSt18uninitialized_copyIN9__gnu_cxx17__normal_iteratorIPcNSt7__cxx1112basic_stringIcSt11char_traitsIcESaIcEEEEEPhET0_T_SC_SB_
                0x0000000000003c1c       0x31 obj/test.o
                0x0000000000003c1c                unsigned char* std::uninitialized_copy<__gnu_cxx::__normal_iterator<char*, std::__cxx11::basic_string<char, std::char_traits<char>, std::allocator<char> > >, unsigned char*>(__gnu_cxx::__normal_iterator<char*, std::__cxx11::basic_string<char, std::char_traits<char>, std::allocator<char> > >, __gnu_cxx::__normal_iterator<char*, std::__cxx11::basic_string<char, std::char_traits<char>, std::allocator<char> > >, unsigned char*)
 .text._ZNSt12_Destroy_auxILb1EE9__destroyIPhEEvT_S3_
                0x0000000000003c4d        0xf obj/test.o
                0x0000000000003c4d                void std::_Destroy_aux<true>::__destroy<unsigned char*>(unsigned char*, unsigned char*)
 .text._ZN9__gnu_cxx13new_allocatorIhE10deallocateEPhm
                0x0000000000003c5c       0x29 obj/test.o
                0x0000000000003c5c                __gnu_cxx::new_allocator<unsigned char>::deallocate(unsigned char*, unsigned long)
 .text._ZNSt20__uninitialized_copyILb1EE13__uninit_copyIN9__gnu_cxx17__normal_iteratorIPKhSt6vectorIhSaIhEEEEPhEET0_T_SC_SB_
                0x0000000000003c85       0x2d obj/test.o
                0x0000000000003c85                unsigned char* std::__uninitialized_copy<true>::__uninit_copy<__gnu_cxx::__normal_iterator<unsigned char const*, std::vector<unsigned char, std::allocator<unsigned char> > >, unsigned char*>(__gnu_cxx::__normal_iterator<unsigned char const*, std::vector<unsigned char, std::allocator<unsigned char> > >, __gnu_cxx::__normal_iterator<unsigned char const*, std::vector<unsigned char, std::allocator<unsigned char> > >, unsigned char*)
 .text._ZNSt12_Vector_baseIhSaIhEE17_Vector_impl_data12_M_copy_dataERKS2_
                0x0000000000003cb2       0x3d obj/test.o
                0x0000000000003cb2                std::_Vector_base<unsigned char, std::allocator<unsigned char> >::_Vector_impl_data::_M_copy_data(std::_Vector_base<unsigned char, std::allocator<unsigned char> >::_Vector_impl_data const&)
 .text._ZSt4moveIRSaIhEEONSt16remove_referenceIT_E4typeEOS3_
                0x0000000000003cef        0xe obj/test.o
                0x0000000000003cef                std::remove_reference<std::allocator<unsigned char>&>::type&& std::move<std::allocator<unsigned char>&>(std::allocator<unsigned char>&)
 .text._ZSt12__niter_baseIPKhSt6vectorIhSaIhEEET_N9__gnu_cxx17__normal_iteratorIS5_T0_EE
                0x0000000000003cfd       0x1d obj/test.o
                0x0000000000003cfd                unsigned char const* std::__niter_base<unsigned char const*, std::vector<unsigned char, std::allocator<unsigned char> > >(__gnu_cxx::__normal_iterator<unsigned char const*, std::vector<unsigned char, std::allocator<unsigned char> > >)
 .text._ZSt12__equal_aux1IPKhS1_EbT_S2_T0_
                0x0000000000003d1a       0x31 obj/test.o
                0x0000000000003d1a                bool std::__equal_aux1<unsigned char const*, unsigned char const*>(unsigned char const*, unsigned char const*, unsigned char const*)
 .text._ZN9__gnu_cxx17__is_null_pointerIKcEEbPT_
                0x0000000000003d4b       0x12 obj/test.o
                0x0000000000003d4b                bool __gnu_cxx::__is_null_pointer<char const>(char const*)
 .text._ZSt19__iterator_categoryIPKcENSt15iterator_traitsIT_E17iterator_categoryERKS3_
                0x0000000000003d5d        0xa obj/test.o
                0x0000000000003d5d                std::iterator_traits<char const*>::iterator_category std::__iterator_category<char const*>(char const* const&)
 .text._ZSt10__distanceIPKcENSt15iterator_traitsIT_E15difference_typeES3_S3_St26random_access_iterator_tag
                0x0000000000003d67       0x16 obj/test.o
                0x0000000000003d67                std::iterator_traits<char const*>::difference_type std::__distance<char const*>(char const*, char const*, std::random_access_iterator_tag)
 *fill*         0x0000000000003d7d        0x1 
 .text._ZN9__gnu_cxx13new_allocatorIhEC2ERKS1_
                0x0000000000003d7e        0xf obj/test.o
                0x0000000000003d7e                __gnu_cxx::new_allocator<unsigned char>::new_allocator(__gnu_cxx::new_allocator<unsigned char> const&)
                0x0000000000003d7e                __gnu_cxx::new_allocator<unsigned char>::new_allocator(__gnu_cxx::new_allocator<unsigned char> const&)
 *fill*         0x0000000000003d8d        0x1 
 .text._ZNK9__gnu_cxx17__normal_iteratorIPcNSt7__cxx1112basic_stringIcSt11char_traitsIcESaIcEEEE4baseEv
                0x0000000000003d8e        0xe obj/test.o
                0x0000000000003d8e                __gnu_cxx::__normal_iterator<char*, std::__cxx11::basic_string<char, std::char_traits<char>, std::allocator<char> > >::base() const
 .text._ZNSt16allocator_traitsISaIhEE8max_sizeERKS0_
                0x0000000000003d9c       0x1a obj/test.o
                0x0000000000003d9c                std::allocator_traits<std::allocator<unsigned char> >::max_size(std::allocator<unsigned char> const&)
 .text._ZSt3minImERKT_S2_S2_
                0x0000000000003db6       0x2b obj/test.o
                0x0000000000003db6                unsigned long const& std::min<unsigned long>(unsigned long const&, unsigned long const&)
 *fill*         0x0000000000003de1        0x1 
 .text._ZNK9__gnu_cxx13new_allocatorIhE11_M_max_sizeEv
                0x0000000000003de2       0x14 obj/test.o
                0x0000000000003de2                __gnu_cxx::new_allocator<unsigned char>::_M_max_size() const
 .text._ZN9__gnu_cxx13new_allocatorIhE8allocateEmPKv
                0x0000000000003df6       0x48 obj/test.o
                0x0000000000003df6                __gnu_cxx::new_allocator<unsigned char>::allocate(unsigned long, void const*)
 .text._ZNSt20__uninitialized_copyILb1EE13__uninit_copyIN9__gnu_cxx17__normal_iteratorIPcNSt7__cxx1112basic_stringIcSt11char_traitsIcESaIcEEEEEPhEET0_T_SE_SD_
                0x0000000000003e3e       0x2d obj/test.o
                0x0000000000003e3e                unsigned char* std::__uninitialized_copy<true>::__uninit_copy<__gnu_cxx::__normal_iterator<char*, std::__cxx11::basic_string<char, std::char_traits<char>, std::allocator<char> > >, unsigned char*>(__gnu_cxx::__normal_iterator<char*, std::__cxx11::basic_string<char, std::char_traits<char>, std::allocator<char> > >, __gnu_cxx::__normal_iterator<char*, std::__cxx11::basic_string<char, std::char_traits<char>, std::allocator<char> > >, unsigned char*)
 .text._ZSt4copyIN9__gnu_cxx17__normal_iteratorIPKhSt6vectorIhSaIhEEEEPhET0_T_SA_S9_
                0x0000000000003e6b       0x4b obj/test.o
                0x0000000000003e6b                unsigned char* std::copy<__gnu_cxx::__normal_iterator<unsigned char const*, std::vector<unsigned char, std::allocator<unsigned char> > >, unsigned char*>(__gnu_cxx::__normal_iterator<unsigned char const*, std::vector<unsigned char, std::allocator<unsigned char> > >, __gnu_cxx::__normal_iterator<unsigned char const*, std::vector<unsigned char, std::allocator<unsigned char> > >, unsigned char*)
 .text._ZNK9__gnu_cxx17__normal_iteratorIPKhSt6vectorIhSaIhEEE4baseEv
                0x0000000000003eb6        0xe obj/test.o
                0x0000000000003eb6                __gnu_cxx::__normal_iterator<unsigned char const*, std::vector<unsigned char, std::allocator<unsigned char> > >::base() const
 .text._ZNSt7__equalILb1EE5equalIhEEbPKT_S4_S4_
                0x0000000000003ec4       0x4c obj/test.o
                0x0000000000003ec4                bool std::__equal<true>::equal<unsigned char>(unsigned char const*, unsigned char const*, unsigned char const*)
 .text._ZNK9__gnu_cxx13new_allocatorIhE8max_sizeEv
                0x0000000000003f10       0x1a obj/test.o
                0x0000000000003f10                __gnu_cxx::new_allocator<unsigned char>::max_size() const
 .text._ZSt4copyIN9__gnu_cxx17__normal_iteratorIPcNSt7__cxx1112basic_stringIcSt11char_traitsIcESaIcEEEEEPhET0_T_SC_SB_
                0x0000000000003f2a       0x4b obj/test.o
                0x0000000000003f2a                unsigned char* std::copy<__gnu_cxx::__normal_iterator<char*, std::__cxx11::basic_string<char, std::char_traits<char>, std::allocator<char> > >, unsigned char*>(__gnu_cxx::__normal_iterator<char*, std::__cxx11::basic_string<char, std::char_traits<char>, std::allocator<char> > >, __gnu_cxx::__normal_iterator<char*, std::__cxx11::basic_string<char, std::char_traits<char>, std::allocator<char> > >, unsigned char*)
 .text._ZSt12__miter_baseIN9__gnu_cxx17__normal_iteratorIPKhSt6vectorIhSaIhEEEEET_S8_
                0x0000000000003f75        0xe obj/test.o
                0x0000000000003f75                __gnu_cxx::__normal_iterator<unsigned char const*, std::vector<unsigned char, std::allocator<unsigned char> > > std::__miter_base<__gnu_cxx::__normal_iterator<unsigned char const*, std::vector<unsigned char, std::allocator<unsigned char> > > >(__gnu_cxx::__normal_iterator<unsigned char const*, std::vector<unsigned char, std::allocator<unsigned char> > >)
 .text._ZSt13__copy_move_aILb0EN9__gnu_cxx17__normal_iteratorIPKhSt6vectorIhSaIhEEEEPhET1_T0_SA_S9_
                0x0000000000003f83       0x6a obj/test.o
                0x0000000000003f83                unsigned char* std::__copy_move_a<false, __gnu_cxx::__normal_iterator<unsigned char const*, std::vector<unsigned char, std::allocator<unsigned char> > >, unsigned char*>(__gnu_cxx::__normal_iterator<unsigned char const*, std::vector<unsigned char, std::allocator<unsigned char> > >, __gnu_cxx::__normal_iterator<unsigned char const*, std::vector<unsigned char, std::allocator<unsigned char> > >, unsigned char*)
 .text._ZSt8__memcmpIhhEiPKT_PKT0_m
                0x0000000000003fed       0x2d obj/test.o
                0x0000000000003fed                int std::__memcmp<unsigned char, unsigned char>(unsigned char const*, unsigned char const*, unsigned long)
 .text._ZSt12__miter_baseIN9__gnu_cxx17__normal_iteratorIPcNSt7__cxx1112basic_stringIcSt11char_traitsIcESaIcEEEEEET_SA_
                0x000000000000401a        0xe obj/test.o
                0x000000000000401a                __gnu_cxx::__normal_iterator<char*, std::__cxx11::basic_string<char, std::char_traits<char>, std::allocator<char> > > std::__miter_base<__gnu_cxx::__normal_iterator<char*, std::__cxx11::basic_string<char, std::char_traits<char>, std::allocator<char> > > >(__gnu_cxx::__normal_iterator<char*, std::__cxx11::basic_string<char, std::char_traits<char>, std::allocator<char> > >)
 .text._ZSt13__copy_move_aILb0EN9__gnu_cxx17__normal_iteratorIPcNSt7__cxx1112basic_stringIcSt11char_traitsIcESaIcEEEEEPhET1_T0_SC_SB_
                0x0000000000004028       0x6a obj/test.o
                0x0000000000004028                unsigned char* std::__copy_move_a<false, __gnu_cxx::__normal_iterator<char*, std::__cxx11::basic_string<char, std::char_traits<char>, std::allocator<char> > >, unsigned char*>(__gnu_cxx::__normal_iterator<char*, std::__cxx11::basic_string<char, std::char_traits<char>, std::allocator<char> > >, __gnu_cxx::__normal_iterator<char*, std::__cxx11::basic_string<char, std::char_traits<char>, std::allocator<char> > >, unsigned char*)
 .text._ZSt12__niter_baseIPhET_S1_
                0x0000000000004092        0xe obj/test.o
                0x0000000000004092                unsigned char* std::__niter_base<unsigned char*>(unsigned char*)
 .text._ZSt14__copy_move_a1ILb0EPKhPhET1_T0_S4_S3_
                0x00000000000040a0       0x2d obj/test.o
                0x00000000000040a0                unsigned char* std::__copy_move_a1<false, unsigned char const*, unsigned char*>(unsigned char const*, unsigned char const*, unsigned char*)
 .text._ZSt12__niter_wrapIPhET_RKS1_S1_
                0x00000000000040cd       0x12 obj/test.o
                0x00000000000040cd                unsigned char* std::__niter_wrap<unsigned char*>(unsigned char* const&, unsigned char*)
 .text._ZSt12__niter_baseIPcNSt7__cxx1112basic_stringIcSt11char_traitsIcESaIcEEEET_N9__gnu_cxx17__normal_iteratorIS7_T0_EE
                0x00000000000040df       0x1d obj/test.o
                0x00000000000040df                char* std::__niter_base<char*, std::__cxx11::basic_string<char, std::char_traits<char>, std::allocator<char> > >(__gnu_cxx::__normal_iterator<char*, std::__cxx11::basic_string<char, std::char_traits<char>, std::allocator<char> > >)
 .text._ZSt14__copy_move_a1ILb0EPcPhET1_T0_S3_S2_
                0x00000000000040fc       0x2d obj/test.o
                0x00000000000040fc                unsigned char* std::__copy_move_a1<false, char*, unsigned char*>(char*, char*, unsigned char*)
 .text._ZSt14__copy_move_a2ILb0EPKhPhET1_T0_S4_S3_
                0x0000000000004129       0x2d obj/test.o
                0x0000000000004129                unsigned char* std::__copy_move_a2<false, unsigned char const*, unsigned char*>(unsigned char const*, unsigned char const*, unsigned char*)
 .text._ZSt14__copy_move_a2ILb0EPcPhET1_T0_S3_S2_
                0x0000000000004156       0x2d obj/test.o
                0x0000000000004156                unsigned char* std::__copy_move_a2<false, char*, unsigned char*>(char*, char*, unsigned char*)
 .text._ZNSt11__copy_moveILb0ELb1ESt26random_access_iterator_tagE8__copy_mIhEEPT_PKS3_S6_S4_
                0x0000000000004183       0x4b obj/test.o
                0x0000000000004183                unsigned char* std::__copy_move<false, true, std::random_access_iterator_tag>::__copy_m<unsigned char>(unsigned char const*, unsigned char const*, unsigned char*)
 .text._ZNSt11__copy_moveILb0ELb0ESt26random_access_iterator_tagE8__copy_mIPcPhEET0_T_S6_S5_
                0x00000000000041ce       0x49 obj/test.o
                0x00000000000041ce                unsigned char* std::__copy_move<false, false, std::random_access_iterator_tag>::__copy_m<char*, unsigned char*>(char*, char*, unsigned char*)
 .text          0x0000000000004217      0x3ba obj/XOR.o
                0x0000000000004217                bitwiseXOR(char, char)
                0x0000000000004250                fixedXOR(std::vector<unsigned char, std::allocator<unsigned char> >, std::vector<unsigned char, std::allocator<unsigned char> >)
 .text._ZnwmPv  0x00000000000045d1       0x12 obj/XOR.o
                0x00000000000045d1                operator new(unsigned long, void*)
 *fill*         0x00000000000045e3        0x1 
 .text._ZNSt12_Vector_baseIhSaIhEEC2EOS1_
                0x00000000000045e4       0x26 obj/XOR.o
                0x00000000000045e4                std::_Vector_base<unsigned char, std::allocator<unsigned char> >::_Vector_base(std::_Vector_base<unsigned char, std::allocator<unsigned char> >&&)
                0x00000000000045e4                std::_Vector_base<unsigned char, std::allocator<unsigned char> >::_Vector_base(std::_Vector_base<unsigned char, std::allocator<unsigned char> >&&)
 .text._ZNSt6vectorIhSaIhEEC2EOS1_
                0x000000000000460a       0x26 obj/XOR.o
                0x000000000000460a                std::vector<unsigned char, std::allocator<unsigned char> >::vector(std::vector<unsigned char, std::allocator<unsigned char> >&&)
                0x000000000000460a                std::vector<unsigned char, std::allocator<unsigned char> >::vector(std::vector<unsigned char, std::allocator<unsigned char> >&&)
 .text._ZNSt6vectorIhSaIhEE9push_backEOh
                0x0000000000004630       0x31 obj/XOR.o
                0x0000000000004630                std::vector<unsigned char, std::allocator<unsigned char> >::push_back(unsigned char&&)
 *fill*         0x0000000000004661        0x1 
 .text._ZNSt12_Vector_baseIhSaIhEE12_Vector_implC2EOS2_
                0x0000000000004662       0x51 obj/XOR.o
                0x0000000000004662                std::_Vector_base<unsigned char, std::allocator<unsigned char> >::_Vector_impl::_Vector_impl(std::_Vector_base<unsigned char, std::allocator<unsigned char> >::_Vector_impl&&)
                0x0000000000004662                std::_Vector_base<unsigned char, std::allocator<unsigned char> >::_Vector_impl::_Vector_impl(std::_Vector_base<unsigned char, std::allocator<unsigned char> >::_Vector_impl&&)
 .text._ZSt4moveIRhEONSt16remove_referenceIT_E4typeEOS2_
                0x00000000000046b3        0xe obj/XOR.o
                0x00000000000046b3                std::remove_reference<unsigned char&>::type&& std::move<unsigned char&>(unsigned char&)
 *fill*         0x00000000000046c1        0x1 
 .text._ZNSt6vectorIhSaIhEE12emplace_backIJhEEERhDpOT_
                0x00000000000046c2       0xa4 obj/XOR.o
                0x00000000000046c2                unsigned char& std::vector<unsigned char, std::allocator<unsigned char> >::emplace_back<unsigned char>(unsigned char&&)
 .text._ZSt4moveIRNSt12_Vector_baseIhSaIhEE12_Vector_implEEONSt16remove_referenceIT_E4typeEOS6_
                0x0000000000004766        0xe obj/XOR.o
                0x0000000000004766                std::remove_reference<std::_Vector_base<unsigned char, std::allocator<unsigned char> >::_Vector_impl&>::type&& std::move<std::_Vector_base<unsigned char, std::allocator<unsigned char> >::_Vector_impl&>(std::_Vector_base<unsigned char, std::allocator<unsigned char> >::_Vector_impl&)
 .text._ZNSt12_Vector_baseIhSaIhEE17_Vector_impl_dataC2EOS2_
                0x0000000000004774       0x68 obj/XOR.o
                0x0000000000004774                std::_Vector_base<unsigned char, std::allocator<unsigned char> >::_Vector_impl_data::_Vector_impl_data(std::_Vector_base<unsigned char, std::allocator<unsigned char> >::_Vector_impl_data&&)
                0x0000000000004774                std::_Vector_base<unsigned char, std::allocator<unsigned char> >::_Vector_impl_data::_Vector_impl_data(std::_Vector_base<unsigned char, std::allocator<unsigned char> >::_Vector_impl_data&&)
 .text._ZSt7forwardIhEOT_RNSt16remove_referenceIS0_E4typeE
                0x00000000000047dc        0xe obj/XOR.o
                0x00000000000047dc                unsigned char&& std::forward<unsigned char>(std::remove_reference<unsigned char>::type&)
 .text._ZNSt16allocator_traitsISaIhEE9constructIhJhEEEvRS0_PT_DpOT0_
                0x00000000000047ea       0x39 obj/XOR.o
                0x00000000000047ea                void std::allocator_traits<std::allocator<unsigned char> >::construct<unsigned char, unsigned char>(std::allocator<unsigned char>&, unsigned char*, unsigned char&&)
 *fill*         0x0000000000004823        0x1 
 .text._ZNSt6vectorIhSaIhEE3endEv
                0x0000000000004824       0x4c obj/XOR.o
                0x0000000000004824                std::vector<unsigned char, std::allocator<unsigned char> >::end()
 .text._ZNSt6vectorIhSaIhEE17_M_realloc_insertIJhEEEvN9__gnu_cxx17__normal_iteratorIPhS1_EEDpOT_
                0x0000000000004870      0x1a1 obj/XOR.o
                0x0000000000004870                void std::vector<unsigned char, std::allocator<unsigned char> >::_M_realloc_insert<unsigned char>(__gnu_cxx::__normal_iterator<unsigned char*, std::vector<unsigned char, std::allocator<unsigned char> > >, unsigned char&&)
 *fill*         0x0000000000004a11        0x1 
 .text._ZNSt6vectorIhSaIhEE4backEv
                0x0000000000004a12       0x62 obj/XOR.o
                0x0000000000004a12                std::vector<unsigned char, std::allocator<unsigned char> >::back()
 .text._ZN9__gnu_cxx13new_allocatorIhE9constructIhJhEEEvPT_DpOT0_
                0x0000000000004a74       0x3e obj/XOR.o
                0x0000000000004a74                void __gnu_cxx::new_allocator<unsigned char>::construct<unsigned char, unsigned char>(unsigned char*, unsigned char&&)
 .text._ZN9__gnu_cxx17__normal_iteratorIPhSt6vectorIhSaIhEEEC2ERKS1_
                0x0000000000004ab2       0x1d obj/XOR.o
                0x0000000000004ab2                __gnu_cxx::__normal_iterator<unsigned char*, std::vector<unsigned char, std::allocator<unsigned char> > >::__normal_iterator(unsigned char* const&)
                0x0000000000004ab2                __gnu_cxx::__normal_iterator<unsigned char*, std::vector<unsigned char, std::allocator<unsigned char> > >::__normal_iterator(unsigned char* const&)
 *fill*         0x0000000000004acf        0x1 
 .text._ZNKSt6vectorIhSaIhEE12_M_check_lenEmPKc
                0x0000000000004ad0       0xeb obj/XOR.o
                0x0000000000004ad0                std::vector<unsigned char, std::allocator<unsigned char> >::_M_check_len(unsigned long, char const*) const
 *fill*         0x0000000000004bbb        0x1 
 .text._ZNSt6vectorIhSaIhEE5beginEv
                0x0000000000004bbc       0x48 obj/XOR.o
                0x0000000000004bbc                std::vector<unsigned char, std::allocator<unsigned char> >::begin()
 .text._ZN9__gnu_cxxmiIPhSt6vectorIhSaIhEEEENS_17__normal_iteratorIT_T0_E15difference_typeERKS8_SB_
                0x0000000000004c04       0x3b obj/XOR.o
                0x0000000000004c04                __gnu_cxx::__normal_iterator<unsigned char*, std::vector<unsigned char, std::allocator<unsigned char> > >::difference_type __gnu_cxx::operator-<unsigned char*, std::vector<unsigned char, std::allocator<unsigned char> > >(__gnu_cxx::__normal_iterator<unsigned char*, std::vector<unsigned char, std::allocator<unsigned char> > > const&, __gnu_cxx::__normal_iterator<unsigned char*, std::vector<unsigned char, std::allocator<unsigned char> > > const&)
 .text._ZNSt6vectorIhSaIhEE11_S_relocateEPhS2_S2_RS0_
                0x0000000000004c3f       0x32 obj/XOR.o
                0x0000000000004c3f                std::vector<unsigned char, std::allocator<unsigned char> >::_S_relocate(unsigned char*, unsigned char*, unsigned char*, std::allocator<unsigned char>&)
 *fill*         0x0000000000004c71        0x1 
 .text._ZNK9__gnu_cxx17__normal_iteratorIPhSt6vectorIhSaIhEEE4baseEv
                0x0000000000004c72        0xe obj/XOR.o
                0x0000000000004c72                __gnu_cxx::__normal_iterator<unsigned char*, std::vector<unsigned char, std::allocator<unsigned char> > >::base() const
 .text._ZNK9__gnu_cxx17__normal_iteratorIPhSt6vectorIhSaIhEEEmiEl
                0x0000000000004c80       0x61 obj/XOR.o
                0x0000000000004c80                __gnu_cxx::__normal_iterator<unsigned char*, std::vector<unsigned char, std::allocator<unsigned char> > >::operator-(long) const
 *fill*         0x0000000000004ce1        0x1 
 .text._ZNK9__gnu_cxx17__normal_iteratorIPhSt6vectorIhSaIhEEEdeEv
                0x0000000000004ce2       0x11 obj/XOR.o
                0x0000000000004ce2                __gnu_cxx::__normal_iterator<unsigned char*, std::vector<unsigned char, std::allocator<unsigned char> > >::operator*() const
 *fill*         0x0000000000004cf3        0x1 
 .text._ZNKSt6vectorIhSaIhEE8max_sizeEv
                0x0000000000004cf4       0x22 obj/XOR.o
                0x0000000000004cf4                std::vector<unsigned char, std::allocator<unsigned char> >::max_size() const
 .text._ZSt3maxImERKT_S2_S2_
                0x0000000000004d16       0x2b obj/XOR.o
                0x0000000000004d16                unsigned long const& std::max<unsigned long>(unsigned long const&, unsigned long const&)
 .text._ZNSt6vectorIhSaIhEE14_S_do_relocateEPhS2_S2_RS0_St17integral_constantIbLb1EE
                0x0000000000004d41       0x32 obj/XOR.o
                0x0000000000004d41                std::vector<unsigned char, std::allocator<unsigned char> >::_S_do_relocate(unsigned char*, unsigned char*, unsigned char*, std::allocator<unsigned char>&, std::integral_constant<bool, true>)
 .text._ZSt12__relocate_aIPhS0_SaIhEET0_T_S3_S2_RT1_
                0x0000000000004d73       0x63 obj/XOR.o
                0x0000000000004d73                unsigned char* std::__relocate_a<unsigned char*, unsigned char*, std::allocator<unsigned char> >(unsigned char*, unsigned char*, unsigned char*, std::allocator<unsigned char>&)
 .text._ZSt14__relocate_a_1IhhENSt9enable_ifIXsrSt24__is_bitwise_relocatableIT_vE5valueEPS2_E4typeES4_S4_S4_RSaIT0_E
                0x0000000000004dd6       0x4f obj/XOR.o
                0x0000000000004dd6                std::enable_if<std::__is_bitwise_relocatable<unsigned char, void>::value, unsigned char*>::type std::__relocate_a_1<unsigned char, unsigned char>(unsigned char*, unsigned char*, unsigned char*, std::allocator<unsigned char>&)
 .text          0x0000000000004e25      0x72a /tmp/cc7SiPMz.o
                0x0000000000004e25                bin2hex(std::vector<unsigned char, std::allocator<unsigned char> >)
                0x0000000000004fee                hex2bin(std::vector<unsigned char, std::allocator<unsigned char> >)
                0x00000000000052ea                bin2base64(std::vector<unsigned char, std::allocator<unsigned char> >)
 *fill*         0x000000000000554f        0x1 
 .text          0x0000000000005550       0x75 /usr/lib/libc_nonshared.a(elf-init.oS)
                0x0000000000005550                __libc_csu_init
                0x00000000000055c0                __libc_csu_fini
 .text          0x00000000000055c5        0x0 /usr/lib/gcc/x86_64-pc-linux-gnu/11.1.0/crtendS.o
 .text          0x00000000000055c5        0x0 /usr/lib/gcc/x86_64-pc-linux-gnu/11.1.0/../../../../lib/crtn.o
 *(.gnu.warning)

.fini           0x00000000000055c8        0xd
 *(SORT_NONE(.fini))
 .fini          0x00000000000055c8        0x8 /usr/lib/gcc/x86_64-pc-linux-gnu/11.1.0/../../../../lib/crti.o
                0x00000000000055c8                _fini
 .fini          0x00000000000055d0        0x5 /usr/lib/gcc/x86_64-pc-linux-gnu/11.1.0/../../../../lib/crtn.o
                [!provide]                        PROVIDE (__etext = .)
                [!provide]                        PROVIDE (_etext = .)
                [!provide]                        PROVIDE (etext = .)
                0x0000000000006000                . = ALIGN (CONSTANT (MAXPAGESIZE))
                0x0000000000006000                . = SEGMENT_START ("rodata-segment", (ALIGN (CONSTANT (MAXPAGESIZE)) + (. & (CONSTANT (MAXPAGESIZE) - 0x1))))

.rodata         0x0000000000006000      0x352
 *(.rodata .rodata.* .gnu.linkonce.r.*)
 .rodata.cst4   0x0000000000006000        0x4 /usr/lib/gcc/x86_64-pc-linux-gnu/11.1.0/../../../../lib/Scrt1.o
                0x0000000000006000                _IO_stdin_used
 *fill*         0x0000000000006004        0x4 
 .rodata        0x0000000000006008      0x162 obj/test.o
 .rodata        0x000000000000616a       0x1c obj/XOR.o
 *fill*         0x0000000000006186        0x2 
 .rodata        0x0000000000006188      0x1ca /tmp/cc7SiPMz.o

.rodata1
 *(.rodata1)

.eh_frame_hdr   0x0000000000006354      0x494
 *(.eh_frame_hdr)
 .eh_frame_hdr  0x0000000000006354      0x494 /usr/lib/gcc/x86_64-pc-linux-gnu/11.1.0/../../../../lib/Scrt1.o
                0x0000000000006354                __GNU_EH_FRAME_HDR
 *(.eh_frame_entry .eh_frame_entry.*)

.eh_frame       0x00000000000067e8     0x1318
 *(.eh_frame)
 .eh_frame      0x00000000000067e8       0x30 /usr/lib/gcc/x86_64-pc-linux-gnu/11.1.0/../../../../lib/Scrt1.o
                                         0x2c (size before relaxing)
 *fill*         0x0000000000006818        0x0 
 .eh_frame      0x0000000000006818       0x28 /usr/lib/gcc/x86_64-pc-linux-gnu/11.1.0/../../../../lib/Scrt1.o
                                         0x40 (size before relaxing)
 .eh_frame      0x0000000000006840        0x0 /usr/lib/gcc/x86_64-pc-linux-gnu/11.1.0/../../../../lib/Scrt1.o
 .eh_frame      0x0000000000006840      0xd88 obj/test.o
                                        0xda0 (size before relaxing)
 .eh_frame      0x00000000000075c8      0x420 obj/XOR.o
                                        0xc60 (size before relaxing)
 .eh_frame      0x00000000000079e8       0xb8 /tmp/cc7SiPMz.o
                                        0xa20 (size before relaxing)
 .eh_frame      0x0000000000007aa0       0x5c /usr/lib/libc_nonshared.a(elf-init.oS)
                                         0x78 (size before relaxing)
 .eh_frame      0x0000000000007afc        0x4 /usr/lib/gcc/x86_64-pc-linux-gnu/11.1.0/crtendS.o
 *(.eh_frame.*)

.gcc_except_table
                0x0000000000007b00      0x1b8
 *(.gcc_except_table .gcc_except_table.*)
 .gcc_except_table
                0x0000000000007b00       0xe0 obj/test.o
 .gcc_except_table
                0x0000000000007be0       0x59 obj/XOR.o
 *fill*         0x0000000000007c39        0x3 
 .gcc_except_table
                0x0000000000007c3c       0x7c /tmp/cc7SiPMz.o

.gnu_extab
 *(.gnu_extab*)

.exception_ranges
 *(.exception_ranges*)
                0x0000000000008d98                . = DATA_SEGMENT_ALIGN (CONSTANT (MAXPAGESIZE), CONSTANT (COMMONPAGESIZE))

.eh_frame
 *(.eh_frame)
 *(.eh_frame.*)

.gnu_extab
 *(.gnu_extab)

.gcc_except_table
 *(.gcc_except_table .gcc_except_table.*)

.exception_ranges
 *(.exception_ranges*)

.tdata          0x0000000000008d98        0x0
                [!provide]                        PROVIDE (__tdata_start = .)
 *(.tdata .tdata.* .gnu.linkonce.td.*)

.tbss
 *(.tbss .tbss.* .gnu.linkonce.tb.*)
 *(.tcommon)

.preinit_array  0x0000000000008d98        0x0
                [!provide]                        PROVIDE (__preinit_array_start = .)
 *(.preinit_array)
                [!provide]                        PROVIDE (__preinit_array_end = .)

.init_array     0x0000000000008d98       0x20
                0x0000000000008d98                PROVIDE (__init_array_start = .)
 *(SORT_BY_INIT_PRIORITY(.init_array.*) SORT_BY_INIT_PRIORITY(.ctors.*))
 *(.init_array EXCLUDE_FILE(*crtend?.o *crtend.o *crtbegin?.o *crtbegin.o) .ctors)
 .init_array    0x0000000000008d98        0x8 /usr/lib/gcc/x86_64-pc-linux-gnu/11.1.0/crtbeginS.o
 .init_array    0x0000000000008da0        0x8 obj/test.o
 .init_array    0x0000000000008da8        0x8 obj/XOR.o
 .init_array    0x0000000000008db0        0x8 /tmp/cc7SiPMz.o
                0x0000000000008db8                PROVIDE (__init_array_end = .)

.fini_array     0x0000000000008db8        0x8
                [!provide]                        PROVIDE (__fini_array_start = .)
 *(SORT_BY_INIT_PRIORITY(.fini_array.*) SORT_BY_INIT_PRIORITY(.dtors.*))
 *(.fini_array EXCLUDE_FILE(*crtend?.o *crtend.o *crtbegin?.o *crtbegin.o) .dtors)
 .fini_array    0x0000000000008db8        0x8 /usr/lib/gcc/x86_64-pc-linux-gnu/11.1.0/crtbeginS.o
                [!provide]                        PROVIDE (__fini_array_end = .)

.ctors
 *crtbegin.o(.ctors)
 *crtbegin?.o(.ctors)
 *(EXCLUDE_FILE(*crtend?.o *crtend.o) .ctors)
 *(SORT_BY_NAME(.ctors.*))
 *(.ctors)

.dtors
 *crtbegin.o(.dtors)
 *crtbegin?.o(.dtors)
 *(EXCLUDE_FILE(*crtend?.o *crtend.o) .dtors)
 *(SORT_BY_NAME(.dtors.*))
 *(.dtors)

.jcr
 *(.jcr)

.data.rel.ro    0x0000000000008dc0        0x0
 *(.data.rel.ro.local* .gnu.linkonce.d.rel.ro.local.*)
 *(.data.rel.ro .data.rel.ro.* .gnu.linkonce.d.rel.ro.*)
 .data.rel.ro   0x0000000000008dc0        0x0 /usr/lib/gcc/x86_64-pc-linux-gnu/11.1.0/../../../../lib/Scrt1.o

.dynamic        0x0000000000008dc0      0x210
 *(.dynamic)
 .dynamic       0x0000000000008dc0      0x210 /usr/lib/gcc/x86_64-pc-linux-gnu/11.1.0/../../../../lib/Scrt1.o
                0x0000000000008dc0                _DYNAMIC

.got            0x0000000000008fd0       0x30
 *(.got)
 .got           0x0000000000008fd0       0x30 /usr/lib/gcc/x86_64-pc-linux-gnu/11.1.0/../../../../lib/Scrt1.o
 *(.igot)
                0x0000000000009fe8                . = DATA_SEGMENT_RELRO_END (., (SIZEOF (.got.plt) >= 0x18)?0x18:0x0)

.got.plt        0x0000000000009000      0x138
 *(.got.plt)
 .got.plt       0x0000000000009000      0x138 /usr/lib/gcc/x86_64-pc-linux-gnu/11.1.0/../../../../lib/Scrt1.o
                0x0000000000009000                _GLOBAL_OFFSET_TABLE_
 *(.igot.plt)

.data           0x0000000000009138       0x18
 *(.data .data.* .gnu.linkonce.d.*)
 .data          0x0000000000009138        0x4 /usr/lib/gcc/x86_64-pc-linux-gnu/11.1.0/../../../../lib/Scrt1.o
                0x0000000000009138                data_start
                0x0000000000009138                __data_start
 .data          0x000000000000913c        0x0 /usr/lib/gcc/x86_64-pc-linux-gnu/11.1.0/../../../../lib/crti.o
 .data          0x000000000000913c        0x0 /usr/lib/gcc/x86_64-pc-linux-gnu/11.1.0/crtbeginS.o
 *fill*         0x000000000000913c        0x4 
 .data.rel.local
                0x0000000000009140        0x8 /usr/lib/gcc/x86_64-pc-linux-gnu/11.1.0/crtbeginS.o
                0x0000000000009140                __dso_handle
 .data          0x0000000000009148        0x0 obj/test.o
 .data.rel.local.DW.ref.__gxx_personality_v0
                0x0000000000009148        0x8 obj/test.o
                0x0000000000009148                DW.ref.__gxx_personality_v0
 .data          0x0000000000009150        0x0 obj/XOR.o
 .data          0x0000000000009150        0x0 /tmp/cc7SiPMz.o
 .data          0x0000000000009150        0x0 /usr/lib/libc_nonshared.a(elf-init.oS)
 .data          0x0000000000009150        0x0 /usr/lib/gcc/x86_64-pc-linux-gnu/11.1.0/crtendS.o
 .data          0x0000000000009150        0x0 /usr/lib/gcc/x86_64-pc-linux-gnu/11.1.0/../../../../lib/crtn.o

.tm_clone_table
                0x0000000000009150        0x0
 .tm_clone_table
                0x0000000000009150        0x0 /usr/lib/gcc/x86_64-pc-linux-gnu/11.1.0/crtbeginS.o
 .tm_clone_table
                0x0000000000009150        0x0 /usr/lib/gcc/x86_64-pc-linux-gnu/11.1.0/crtendS.o

.data1
 *(.data1)
                0x0000000000009150                _edata = .
                [!provide]                        PROVIDE (edata = .)
                0x0000000000009150                . = .
                0x0000000000009150                __bss_start = .

.bss            0x0000000000009180      0x240
 *(.dynbss)
 *fill*         0x0000000000009180        0x0 
 .dynbss        0x0000000000009180      0x238 /usr/lib/gcc/x86_64-pc-linux-gnu/11.1.0/../../../../lib/Scrt1.o
                0x0000000000009180                std::cout@@GLIBCXX_3.4
                0x00000000000092a0                std::cin@@GLIBCXX_3.4
 *(.bss .bss.* .gnu.linkonce.b.*)
 .bss           0x00000000000093b8        0x0 /usr/lib/gcc/x86_64-pc-linux-gnu/11.1.0/../../../../lib/Scrt1.o
 .bss           0x00000000000093b8        0x0 /usr/lib/gcc/x86_64-pc-linux-gnu/11.1.0/../../../../lib/crti.o
 .bss           0x00000000000093b8        0x1 /usr/lib/gcc/x86_64-pc-linux-gnu/11.1.0/crtbeginS.o
 .bss           0x00000000000093b9        0x1 obj/test.o
 .bss           0x00000000000093ba        0x1 obj/XOR.o
 .bss           0x00000000000093bb        0x1 /tmp/cc7SiPMz.o
 .bss           0x00000000000093bc        0x0 /usr/lib/libc_nonshared.a(elf-init.oS)
 .bss           0x00000000000093bc        0x0 /usr/lib/gcc/x86_64-pc-linux-gnu/11.1.0/crtendS.o
 .bss           0x00000000000093bc        0x0 /usr/lib/gcc/x86_64-pc-linux-gnu/11.1.0/../../../../lib/crtn.o
 *(COMMON)
                0x00000000000093c0                . = ALIGN ((. != 0x0)?0x8:0x1)
 *fill*         0x00000000000093bc        0x4 

.lbss
 *(.dynlbss)
 *(.lbss .lbss.* .gnu.linkonce.lb.*)
 *(LARGE_COMMON)
                0x00000000000093c0                . = ALIGN (0x8)
                0x00000000000093c0                . = SEGMENT_START ("ldata-segment", .)

.lrodata
 *(.lrodata .lrodata.* .gnu.linkonce.lr.*)

.ldata          0x000000000000b3c0        0x0
 *(.ldata .ldata.* .gnu.linkonce.l.*)
                0x000000000000b3c0                . = ALIGN ((. != 0x0)?0x8:0x1)
                0x000000000000b3c0                . = ALIGN (0x8)
                0x00000000000093c0                _end = .
                [!provide]                        PROVIDE (end = .)
                0x000000000000b3c0                . = DATA_SEGMENT_END (.)

.stab
 *(.stab)

.stabstr
 *(.stabstr)

.stab.excl
 *(.stab.excl)

.stab.exclstr
 *(.stab.exclstr)

.stab.index
 *(.stab.index)

.stab.indexstr
 *(.stab.indexstr)

.comment        0x0000000000000000       0x12
 *(.comment)
 .comment       0x0000000000000000       0x12 /usr/lib/gcc/x86_64-pc-linux-gnu/11.1.0/../../../../lib/Scrt1.o
                                         0x26 (size before relaxing)
 .comment       0x0000000000000012       0x13 /usr/lib/gcc/x86_64-pc-linux-gnu/11.1.0/crtbeginS.o
 .comment       0x0000000000000012       0x13 obj/test.o
 .comment       0x0000000000000012       0x13 obj/XOR.o
 .comment       0x0000000000000012       0x13 /tmp/cc7SiPMz.o
 .comment       0x0000000000000012       0x13 /usr/lib/libc_nonshared.a(elf-init.oS)
 .comment       0x0000000000000012       0x13 /usr/lib/gcc/x86_64-pc-linux-gnu/11.1.0/crtendS.o

.gnu.build.attributes
 *(.gnu.build.attributes .gnu.build.attributes.*)

.debug
 *(.debug)

.line
 *(.line)

.debug_srcinfo
 *(.debug_srcinfo)

.debug_sfnames
 *(.debug_sfnames)

.debug_aranges  0x0000000000000000     0x10f0
 *(.debug_aranges)
 .debug_aranges
                0x0000000000000000      0x660 obj/test.o
 .debug_aranges
                0x0000000000000660      0x5e0 obj/XOR.o
 .debug_aranges
                0x0000000000000c40      0x4b0 /tmp/cc7SiPMz.o

.debug_pubnames
 *(.debug_pubnames)

.debug_info     0x0000000000000000    0x18b9e
 *(.debug_info .gnu.linkonce.wi.*)
 .debug_info    0x0000000000000000     0x9d39 obj/test.o
 .debug_info    0x0000000000009d39     0x6181 obj/XOR.o
 .debug_info    0x000000000000feba     0x8ce4 /tmp/cc7SiPMz.o

.debug_abbrev   0x0000000000000000     0x1f00
 *(.debug_abbrev)
 .debug_abbrev  0x0000000000000000      0xaa7 obj/test.o
 .debug_abbrev  0x0000000000000aa7      0x9c3 obj/XOR.o
 .debug_abbrev  0x000000000000146a      0xa96 /tmp/cc7SiPMz.o

.debug_line     0x0000000000000000     0x2f3e
 *(.debug_line .debug_line.* .debug_line_end)
 .debug_line    0x0000000000000000     0x1185 obj/test.o
 .debug_line    0x0000000000001185      0xf95 obj/XOR.o
 .debug_line    0x000000000000211a      0xe24 /tmp/cc7SiPMz.o

.debug_frame
 *(.debug_frame)

.debug_str      0x0000000000000000     0xbc05
 *(.debug_str)
 .debug_str     0x0000000000000000     0xb13b obj/test.o
                                       0xb714 (size before relaxing)
 .debug_str     0x000000000000b13b      0xa4d obj/XOR.o
                                       0x5169 (size before relaxing)
 .debug_str     0x000000000000bb88       0x7d /tmp/cc7SiPMz.o
                                       0xa010 (size before relaxing)

.debug_loc
 *(.debug_loc)

.debug_macinfo
 *(.debug_macinfo)

.debug_weaknames
 *(.debug_weaknames)

.debug_funcnames
 *(.debug_funcnames)

.debug_typenames
 *(.debug_typenames)

.debug_varnames
 *(.debug_varnames)

.debug_pubtypes
 *(.debug_pubtypes)

.debug_ranges
 *(.debug_ranges)

.debug_addr
 *(.debug_addr)

.debug_line_str
                0x0000000000000000      0x452
 *(.debug_line_str)
 .debug_line_str
                0x0000000000000000      0x40d obj/test.o
                                        0x4d9 (size before relaxing)
 .debug_line_str
                0x000000000000040d        0xc obj/XOR.o
                                        0x467 (size before relaxing)
 .debug_line_str
                0x0000000000000419       0x39 /tmp/cc7SiPMz.o
                                        0x4d9 (size before relaxing)

.debug_loclists
 *(.debug_loclists)

.debug_macro
 *(.debug_macro)

.debug_names
 *(.debug_names)

.debug_rnglists
                0x0000000000000000      0xa96
 *(.debug_rnglists)
 .debug_rnglists
                0x0000000000000000      0x3fe obj/test.o
 .debug_rnglists
                0x00000000000003fe      0x3ab obj/XOR.o
 .debug_rnglists
                0x00000000000007a9      0x2ed /tmp/cc7SiPMz.o

.debug_str_offsets
 *(.debug_str_offsets)

.debug_sup
 *(.debug_sup)

.gnu.attributes
 *(.gnu.attributes)

/DISCARD/
 *(.note.GNU-stack)
 *(.gnu_debuglink)
 *(.gnu.lto_*)
OUTPUT(test.out elf64-x86-64)
